#### ROW E6r2  op=swap force=none state=archived
#### EXPECT result=succeed err='' v1Vetted=false v2Vetted=true serialDelta=1 acs=0 onV1=0


[1m=== setup: clean sandbox ===[0m
jvm: openjdk version "21.0.12.1" 2026-08-18
sandbox ready, PID=13056  (ledger 6865 / json 6864 / admin 6866)

[1m=== setup: build v1 (Text) and seed ===[0m
Created /Users/georgiradev/Desktop/canton-demos/artifacts/mirrors.dar
Created /Users/georgiradev/Desktop/canton-demos/artifacts/mirrors-seed.dar
variant=v1 mainPackageId=c17b5cb16a9d77bd395b104da3cb7433b4fa73ec34eb332bc3e47cbcb72276b9 builtFrom=.gen-mirrors-v1 source=variants/Mirrors.v1.daml

[1m=== setup: build v2 (Int), upload UNVETTED ===[0m
Created /Users/georgiradev/Desktop/canton-demos/artifacts/mirrors.dar
Created /Users/georgiradev/Desktop/canton-demos/artifacts/mirrors-seed.dar
variant=v2 mainPackageId=dba33b18bff3b4f03e0db7aa72140b02912cce695595e5c1e154d0a9bf7dc778 builtFrom=.gen-mirrors-v2 source=variants/Mirrors.v2.daml
[34mCompiling /Users/georgiradev/Desktop/canton-demos/Main.sc[39m
[34mBye![39m
UPLOADED dar=artifacts/mirrors-v2.dar vetAllPackages=false mainPackageId=dba33b18bff3b4f03e0db7aa72140b02912cce695595e5c1e154d0a9bf7dc778
VETTED_CONTAINS_MAIN false

[1m=== setup: archive v1 contracts (the only window in which this is possible) ===[0m
CLEANUP Alice::1220beddb8841af5ce4a59fe58d10e404c0e065b0c72b0a0390ba865603fadfff124 found 1
CLEANUP Bob::1220beddb8841af5ce4a59fe58d10e404c0e065b0c72b0a0390ba865603fadfff124 found 1
CLEANUP complete

[1m=== provenance ===[0m
==== ENVIRONMENT ====================================================
utc              2026-09-14T15:06:23Z
host             Darwin 25.6.0 arm64
dpm              version: 1.0.21 build: c4b92eb buildDate: c4b92eb 
java             openjdk version "21.0.12.1" 2026-08-18
java_home        /opt/homebrew/opt/openjdk@21
sandbox_pid      13056
canton_jar       canton-open-source-3.5.12.jar
==== PROVENANCE =====================================================
head             8791ff2f416a87b1d02818b13d757fd2806ebbc3
harness_tag      harness-v1
HARNESS_REV      9420992f88185800366ca6c40a70f213affbb17d
assert_committed PASS  no committed change outside evidence/ since harness-v1
assert_clean     PASS  working tree clean outside evidence/
==== INPUTS =========================================================
variant-multi-v1  variant=v1
variant-multi-v1  items_source=variants/Items.v1.daml
variant-multi-v1  items_blob=68e73b3c68883c040900b7abcd0c4796e29303c6
variant-multi-v1  items_pkgid=f598c7e1de1b6066e3d248927eb7a104fac5a37f37e1c9b8aca9184e1c756de0
variant-multi-v1  holders_source=variants/Holders.v1.daml
variant-multi-v1  holders_blob=16b9eea33b62dec1d0cad9d4c7fec9642ff4bbfe
variant-multi-v1  holders_pkgid=92c6c3f57ebf11304d00da6e306d0679520a9722902337e48d40794cb9bad3b9
variant-multi-v1  seedab_source=variants/SeedAB.v1.daml
variant-multi-v1  seedab_blob=b0b4bee5cbedb5f7f4be34283344864a698ac21e
variant-multi-v1  seedab_pkgid=8aa526cbbaedfb57039f82efbd1953520839a2a66b141ea2bcee9f4e7f42f346
variant-multi-v2  variant=v2
variant-multi-v2  items_source=variants/Items.v2.daml
variant-multi-v2  items_blob=136114561128f1871f6fcda596a396b8815922fc
variant-multi-v2  items_pkgid=04d8ea17faefa94806d0f6c78604ab3a6c61670db273114d1144a02f8b938724
variant-multi-v2  holders_source=variants/Holders.v2.daml
variant-multi-v2  holders_blob=5958288a58a40f22c9d681ee2d9e9a1ffe05b72c
variant-multi-v2  holders_pkgid=3069c0dc4233ebc12ce78410d50685710d314b7929310bf234788ad9b3e909bf
variant-multi-v2  seedab_source=variants/SeedAB.v2.daml
variant-multi-v2  seedab_blob=7b0f9a0528fb3549eb9721f552c48894423ece4f
variant-multi-v2  seedab_pkgid=946a8e545aeb28b9da8b3074163749cf0f90245aa9a4aab2998c676c03b85030
variant-v1  variant=v1
variant-v1  mirrors_source=variants/Mirrors.v1.daml
variant-v1  mirrors_blob=137cb8f4736533416e3f00029acdc6995735b1c5
variant-v1  mirrors_pkgid=c17b5cb16a9d77bd395b104da3cb7433b4fa73ec34eb332bc3e47cbcb72276b9
variant-v2  variant=v2
variant-v2  mirrors_source=variants/Mirrors.v2.daml
variant-v2  mirrors_blob=77569ab2574da63e4c90d9366857366130b2eb9f
variant-v2  mirrors_pkgid=dba33b18bff3b4f03e0db7aa72140b02912cce695595e5c1e154d0a9bf7dc778
dar holders-v1.dar                     ff0d939d8dca808988403f08fcedf872f620d6f594c5072a3e7d147405de508d
dar holders-v2.dar                     1362434608349479b1a5cf906750639d027e6b9f505f4ebb8b476988484575d9
dar holders.dar                        1362434608349479b1a5cf906750639d027e6b9f505f4ebb8b476988484575d9
dar items-v1.dar                       9a6567d26dcfb2379e5a004f1184837b13d6801c071f7dde0bb74de75590399d
dar items-v2.dar                       632bfe2c1968c6f7a38923914eb35b4961712a77db74b563f7084e0b76694b1a
dar items.dar                          632bfe2c1968c6f7a38923914eb35b4961712a77db74b563f7084e0b76694b1a
dar mirrors-live.dar                   afbdcc336157ae0c1bed83e9cc7c6ca83ad71ca58c8d45ec7aa7981e56e625bd
dar mirrors-seed-v1.dar                e79375903102db9d9219870d1802e382f387d86fa8c35740e1bf017dd6eb596a
dar mirrors-seed.dar                   5ea89c8dca193c06456267a0e8ca915c863c1a0f720617a91e2fd1b1ca7c4537
dar mirrors-v1.dar                     afbdcc336157ae0c1bed83e9cc7c6ca83ad71ca58c8d45ec7aa7981e56e625bd
dar mirrors-v2.dar                     4a08209bff5de8c67202c35f953de3197bc82ad23bb9a07a08948fb5e7b73ac0
dar mirrors.dar                        4a08209bff5de8c67202c35f953de3197bc82ad23bb9a07a08948fb5e7b73ac0
dar seedab-v1.dar                      a456e1695b4982443eb5afeeca35ad00b64e14c48c6159e462f145e65d03d54d
dar seedab-v2.dar                      41a943f59e6a854048dc49cc8a672c335c6a5c3f2a8896630435278fa79b2fa0
dar seedab.dar                         41a943f59e6a854048dc49cc8a672c335c6a5c3f2a8896630435278fa79b2fa0
=====================================================================

[1m=== operation ===[0m
2026-09-14 18:06:25,250 [main] WARN  org.jline - Unable to create a system terminal, creating a dumb terminal (enable debug logging for more information)
[34mCompiling /Users/georgiradev/Desktop/canton-demos/Main.sc[39m
PRE  op=swap force=none v1Vetted=true v2Vetted=false serial=2 acs=0
OP   forceFlagsActual=ForceFlags(Set()) forceIsNone=true adds=[dba33b18bff3] removes=[c17b5cb16a9d]
RESULT op=swap force=none forceIsNone=true => SUCCEEDED
POST v1Vetted=false v2Vetted=true serial=3 serialDelta=1 acs=0 onV1=0
ASSERT result         PASS got=succeed want=succeed
NOTE errorCodeCheck delegated to driver (exception message was: <succeeded>); want=''
ASSERT v1Vetted       PASS got=false want=false
ASSERT v2Vetted       PASS got=true want=true
ASSERT serialDelta    PASS got=1 want=1
ASSERT acs            PASS got=0 want=0
ASSERT onV1           PASS got=0 want=0
VERDICT PASS
   _____            _
  / ____|          | |
 | |     __ _ _ __ | |_ ___  _ __
 | |    / _` | '_ \| __/ _ \| '_ \
 | |___| (_| | | | | || (_) | | | |
  \_____\__,_|_| |_|\__\___/|_| |_|

  Welcome to Canton!
  Type `help` to get started. `exit` to leave.


@ [34mBye![39m

[1m=== force-flag oracle (participant log) ===[0m
oracle_lines_this_row   0   (before=4 after=4)
oracle_interpretation   expect 0 (no flag passed)
oracle_verdict          CONSISTENT

#### EXIT_CODE 0
#### ROW E6r2 PASS
#### LOG evidence/20260914T150537Z__E6r2__swap__force-none__archived.log
