#### ROW C1  op=add-second force=none state=live
#### EXPECT result=fail err='KNOWN_PACKAGE_VERSION' v1Vetted=true v2Vetted=false serialDelta=0 acs=2 onV1=2


[1m=== setup: clean sandbox ===[0m
jvm: openjdk version "21.0.12.1" 2026-08-18
sandbox ready, PID=97624  (ledger 6865 / json 6864 / admin 6866)

[1m=== setup: build v1 (Text) and seed ===[0m
Created /Users/georgiradev/Desktop/canton-demos/artifacts/mirrors.dar
Created /Users/georgiradev/Desktop/canton-demos/artifacts/mirrors-seed.dar
variant=v1 mainPackageId=c17b5cb16a9d77bd395b104da3cb7433b4fa73ec34eb332bc3e47cbcb72276b9 builtFrom=.gen-mirrors-v1 source=variants/Mirrors.v1.daml

[1m=== setup: build v2 (Int), upload UNVETTED ===[0m
Created /Users/georgiradev/Desktop/canton-demos/artifacts/mirrors.dar
Created /Users/georgiradev/Desktop/canton-demos/artifacts/mirrors-seed.dar
variant=v2 mainPackageId=dba33b18bff3b4f03e0db7aa72140b02912cce695595e5c1e154d0a9bf7dc778 builtFrom=.gen-mirrors-v2 source=variants/Mirrors.v2.daml
[34mCompiling /Users/georgiradev/Desktop/canton-demos/Main.sc[39m
[34mBye![39m
UPLOADED dar=artifacts/mirrors-v2.dar vetAllPackages=false mainPackageId=dba33b18bff3b4f03e0db7aa72140b02912cce695595e5c1e154d0a9bf7dc778
VETTED_CONTAINS_MAIN false

[1m=== provenance ===[0m
==== ENVIRONMENT ====================================================
utc              2026-09-14T14:55:53Z
host             Darwin 25.6.0 arm64
dpm              version: 1.0.21 build: c4b92eb buildDate: c4b92eb 
java             openjdk version "21.0.12.1" 2026-08-18
java_home        /opt/homebrew/opt/openjdk@21
sandbox_pid      97624
canton_jar       canton-open-source-3.5.12.jar
==== PROVENANCE =====================================================
head             a2f2763d1685b9a88c026c286761bed40c71692a
harness_tag      <harness-v1 does not exist>
HARNESS_REV      <untagged>
assert_committed SKIP  tag missing - this run is NOT evidence-grade
assert_clean     SKIP  tag missing - this run is NOT evidence-grade
==== INPUTS =========================================================
variant-v1  variant=v1
variant-v1  mirrors_source=variants/Mirrors.v1.daml
variant-v1  mirrors_blob=137cb8f4736533416e3f00029acdc6995735b1c5
variant-v1  mirrors_pkgid=c17b5cb16a9d77bd395b104da3cb7433b4fa73ec34eb332bc3e47cbcb72276b9
variant-v2  variant=v2
variant-v2  mirrors_source=variants/Mirrors.v2.daml
variant-v2  mirrors_blob=77569ab2574da63e4c90d9366857366130b2eb9f
variant-v2  mirrors_pkgid=dba33b18bff3b4f03e0db7aa72140b02912cce695595e5c1e154d0a9bf7dc778
dar holders-v1.dar                     ff0d939d8dca808988403f08fcedf872f620d6f594c5072a3e7d147405de508d
dar holders.dar                        ff0d939d8dca808988403f08fcedf872f620d6f594c5072a3e7d147405de508d
dar items-v1.dar                       9a6567d26dcfb2379e5a004f1184837b13d6801c071f7dde0bb74de75590399d
dar items.dar                          9a6567d26dcfb2379e5a004f1184837b13d6801c071f7dde0bb74de75590399d
dar mirrors-live.dar                   afbdcc336157ae0c1bed83e9cc7c6ca83ad71ca58c8d45ec7aa7981e56e625bd
dar mirrors-seed-v1.dar                e79375903102db9d9219870d1802e382f387d86fa8c35740e1bf017dd6eb596a
dar mirrors-seed.dar                   5ea89c8dca193c06456267a0e8ca915c863c1a0f720617a91e2fd1b1ca7c4537
dar mirrors-v1.dar                     afbdcc336157ae0c1bed83e9cc7c6ca83ad71ca58c8d45ec7aa7981e56e625bd
dar mirrors-v2.dar                     4a08209bff5de8c67202c35f953de3197bc82ad23bb9a07a08948fb5e7b73ac0
dar mirrors.dar                        4a08209bff5de8c67202c35f953de3197bc82ad23bb9a07a08948fb5e7b73ac0
dar seedab-v1.dar                      a456e1695b4982443eb5afeeca35ad00b64e14c48c6159e462f145e65d03d54d
dar seedab.dar                         a456e1695b4982443eb5afeeca35ad00b64e14c48c6159e462f145e65d03d54d
=====================================================================

[1m=== operation ===[0m
2026-09-14 17:55:55,389 [main] WARN  org.jline - Unable to create a system terminal, creating a dumb terminal (enable debug logging for more information)
[34mCompiling /Users/georgiradev/Desktop/canton-demos/Main.sc[39m
PRE  op=add-second force=none v1Vetted=true v2Vetted=false serial=2 acs=2
OP   forceFlagsActual=ForceFlags(Set()) forceIsNone=true adds=[dba33b18bff3] removes=[]
2026-09-14 17:55:57,101 [main] ERROR c.d.c.c.CantonConsoleEnvironment - Request failed for sandbox.
  GrpcClientError: INVALID_ARGUMENT/KNOWN_PACKAGE_VERSION(8,8f83c3b9): Tried to vet two packages with the same name and version: c17b5cb16a9d77bd395b104da3cb7433b4fa73ec34eb332bc3e47cbcb72276b9 (mirrors v1.0.0) and dba33b18bff3b4f03e0db7aa72140b02912cce695595e5c1e154d0a9bf7dc778 (mirrors v1.0.0).
  Request: Propose(Right(VettedPackages(
  participantId = PAR::sandbox::1220465f6915...,
  packages = VettedPackage(packageId = 6f8e6085f576..., unbounded),VettedPackage(packageId = 60c61c542207..., unbounded),VettedPackage(packageId = a1fa18133ae4..., unbound ...
  DecodedCantonError(
  code = 'KNOWN_PACKAGE_VERSION',
  category = InvalidIndependentOfSystemState,
  cause = "Tried to vet two packages with the same name and version: c17b5cb16a9d77bd395b104da3cb7433b4fa73ec34eb332bc3e47cbcb72276b9 (mirrors v1.0.0) and dba33b18bff3b4f03e0db7aa72140b02912cce695595e5c1e154d0a9bf7dc778 (mirrors v1.0.0).",
  traceId = '8f83c3b9daf246e3c95b2e959b1f4e5a',
  context = Seq(
    'participant=>sandbox',
    'secondPackage=>dba33b18bff3b4f03e0db7aa72140b02912cce695595e5c1e154d0a9bf7dc778 (mirrors v1.0.0)',
    'firstPackage=>c17b5cb16a9d77bd395b104da3cb7433b4fa73ec34eb332bc3e47cbcb72276b9 (mirrors v1.0.0)'
  )
)
  Command TopologyAdministrationGroup$vetted_packages$.propose_delta invoked from Main.sc:91
RESULT op=add-second force=none forceIsNone=true => FAILED: Command execution failed.
POST v1Vetted=true v2Vetted=false serial=2 serialDelta=0 acs=2 onV1=2
ASSERT result         PASS got=fail want=fail
NOTE errorCodeCheck delegated to driver (exception message was: Command execution failed.); want='KNOWN_PACKAGE_VERSION'
ASSERT v1Vetted       PASS got=true want=true
ASSERT v2Vetted       PASS got=false want=false
ASSERT serialDelta    PASS got=0 want=0
ASSERT acs            PASS got=2 want=2
ASSERT onV1           PASS got=2 want=2
ASSERT vettedSetSame  PASS got=33 entries want=33 entries (identical)
VERDICT PASS
   _____            _
  / ____|          | |
 | |     __ _ _ __ | |_ ___  _ __
 | |    / _` | '_ \| __/ _ \| '_ \
 | |___| (_| | | | | || (_) | | | |
  \_____\__,_|_| |_|\__\___/|_| |_|

  Welcome to Canton!
  Type `help` to get started. `exit` to leave.


@ [34mBye![39m
ASSERT errorCode      PASS got=KNOWN_PACKAGE_VERSION want=KNOWN_PACKAGE_VERSION

[1m=== force-flag oracle (participant log) ===[0m
oracle_lines_this_row   0   (before=0 after=0)
oracle_interpretation   expect 0 (no flag passed)
oracle_verdict          CONSISTENT

#### EXIT_CODE 0
#### ROW C1 PASS
#### LOG evidence/20260914T145517Z__C1__add-second__force-none__live.log
